// Jest Snapshot v1, https://goo.gl/fbAQLP

exports[`Test notification Test default props 1`] = `
Object {
  "asFragment": [Function],
  "baseElement": <body>
    <div>
      <div
        class="notification"
      >
        <div
          class="notification-item"
        >
          <svg
            fill="#27AE60"
            height="60"
            width="60"
          >
            notificationRemove.svg
          </svg>
          <div
            class="content"
          >
            <span>
              Your
               
              <span
                class="lender"
              >
                lender
              </span>
               
              (
              Jusin Doe
              / 
              4968
              ) has
               
              removed
               a debt
               
              reminder of 
              you
            </span>
            <span>
              09:51:36 23/05/2020
            </span>
          </div>
        </div>
        <div
          class="notification-item"
        >
          <svg
            fill="#EF230C"
            height="50"
            width="50"
          >
            creditCardDone.svg
          </svg>
          <div
            class="content"
          >
            <span>
              Your
               
              <span
                class="debtor"
              >
                debtor
              </span>
               
              (
              Jusin Doe
              / 
              4968
              ) has
               
              repaid
               a debt
               
              to 
              you
            </span>
            <span>
              09:51:36 23/05/2020
            </span>
          </div>
        </div>
        <div
          class="notification-item"
        >
          <svg
            fill="#27AE60"
            height="60"
            width="60"
          >
            notificationRemove.svg
          </svg>
          <div
            class="content"
          >
            <span>
              Your
               
              <span
                class="lender"
              >
                lender
              </span>
               
              (
              Jusin Doe
              / 
              4968
              ) has
               
              removed
               a debt
               
              reminder of 
              you
            </span>
            <span>
              09:51:36 23/05/2020
            </span>
          </div>
        </div>
        <div
          class="notification-item"
        >
          <svg
            fill="#27AE60"
            height="60"
            width="60"
          >
            notificationRemove.svg
          </svg>
          <div
            class="content"
          >
            <span>
              Your
               
              <span
                class="lender"
              >
                lender
              </span>
               
              (
              Jusin Doe
              / 
              4968
              ) has
               
              removed
               a debt
               
              reminder of 
              you
            </span>
            <span>
              09:51:36 23/05/2020
            </span>
          </div>
        </div>
      </div>
    </div>
  </body>,
  "container": <div>
    <div
      class="notification"
    >
      <div
        class="notification-item"
      >
        <svg
          fill="#27AE60"
          height="60"
          width="60"
        >
          notificationRemove.svg
        </svg>
        <div
          class="content"
        >
          <span>
            Your
             
            <span
              class="lender"
            >
              lender
            </span>
             
            (
            Jusin Doe
            / 
            4968
            ) has
             
            removed
             a debt
             
            reminder of 
            you
          </span>
          <span>
            09:51:36 23/05/2020
          </span>
        </div>
      </div>
      <div
        class="notification-item"
      >
        <svg
          fill="#EF230C"
          height="50"
          width="50"
        >
          creditCardDone.svg
        </svg>
        <div
          class="content"
        >
          <span>
            Your
             
            <span
              class="debtor"
            >
              debtor
            </span>
             
            (
            Jusin Doe
            / 
            4968
            ) has
             
            repaid
             a debt
             
            to 
            you
          </span>
          <span>
            09:51:36 23/05/2020
          </span>
        </div>
      </div>
      <div
        class="notification-item"
      >
        <svg
          fill="#27AE60"
          height="60"
          width="60"
        >
          notificationRemove.svg
        </svg>
        <div
          class="content"
        >
          <span>
            Your
             
            <span
              class="lender"
            >
              lender
            </span>
             
            (
            Jusin Doe
            / 
            4968
            ) has
             
            removed
             a debt
             
            reminder of 
            you
          </span>
          <span>
            09:51:36 23/05/2020
          </span>
        </div>
      </div>
      <div
        class="notification-item"
      >
        <svg
          fill="#27AE60"
          height="60"
          width="60"
        >
          notificationRemove.svg
        </svg>
        <div
          class="content"
        >
          <span>
            Your
             
            <span
              class="lender"
            >
              lender
            </span>
             
            (
            Jusin Doe
            / 
            4968
            ) has
             
            removed
             a debt
             
            reminder of 
            you
          </span>
          <span>
            09:51:36 23/05/2020
          </span>
        </div>
      </div>
    </div>
  </div>,
  "debug": [Function],
  "findAllByAltText": [Function],
  "findAllByDisplayValue": [Function],
  "findAllByLabelText": [Function],
  "findAllByPlaceholderText": [Function],
  "findAllByRole": [Function],
  "findAllByTestId": [Function],
  "findAllByText": [Function],
  "findAllByTitle": [Function],
  "findByAltText": [Function],
  "findByDisplayValue": [Function],
  "findByLabelText": [Function],
  "findByPlaceholderText": [Function],
  "findByRole": [Function],
  "findByTestId": [Function],
  "findByText": [Function],
  "findByTitle": [Function],
  "getAllByAltText": [Function],
  "getAllByDisplayValue": [Function],
  "getAllByLabelText": [Function],
  "getAllByPlaceholderText": [Function],
  "getAllByRole": [Function],
  "getAllByTestId": [Function],
  "getAllByText": [Function],
  "getAllByTitle": [Function],
  "getByAltText": [Function],
  "getByDisplayValue": [Function],
  "getByLabelText": [Function],
  "getByPlaceholderText": [Function],
  "getByRole": [Function],
  "getByTestId": [Function],
  "getByText": [Function],
  "getByTitle": [Function],
  "queryAllByAltText": [Function],
  "queryAllByDisplayValue": [Function],
  "queryAllByLabelText": [Function],
  "queryAllByPlaceholderText": [Function],
  "queryAllByRole": [Function],
  "queryAllByTestId": [Function],
  "queryAllByText": [Function],
  "queryAllByTitle": [Function],
  "queryByAltText": [Function],
  "queryByDisplayValue": [Function],
  "queryByLabelText": [Function],
  "queryByPlaceholderText": [Function],
  "queryByRole": [Function],
  "queryByTestId": [Function],
  "queryByText": [Function],
  "queryByTitle": [Function],
  "rerender": [Function],
  "unmount": [Function],
}
`;
