// Jest Snapshot v1, https://goo.gl/fbAQLP

exports[`Test Table Test Props 1`] = `
Object {
  "asFragment": [Function],
  "baseElement": <body>
    <div>
      <table
        class="table"
      >
        <tbody>
          <tr
            class="table-header"
          >
            <th>
              Â 
            </th>
            <th
              class="table-header-cell"
            >
              <div>
                Id
              </div>
            </th>
            <th
              class="table-header-cell"
            >
              <div>
                Name
              </div>
            </th>
            <th
              class="table-header-cell"
            >
              <div>
                Age
              </div>
            </th>
            <th
              class="table-header-cell"
            >
              <div>
                Email 
                <svg>
                  plus.svg
                </svg>
              </div>
            </th>
            <th
              class="table-header-cell"
            >
              <div>
                Status
              </div>
            </th>
            <th
              class="table-header-cell"
            >
              <div>
                Actions
              </div>
            </th>
          </tr>
          <tr
            class="table-body-row"
          >
            <td
              class="order"
            >
              1
            </td>
            <td
              class="body-table-cell"
            >
              <div>
                CM1
              </div>
            </td>
            <td
              class="body-table-cell"
            >
              <div>
                Wasif
              </div>
            </td>
            <td
              class="body-table-cell"
            >
              <div>
                21
              </div>
            </td>
            <td
              class="body-table-cell"
            >
              <div>
                wasif@email.com
              </div>
            </td>
            <td
              class="body-table-cell"
            >
              <div />
            </td>
            <td
              class="body-table-cell"
            >
              <div>
                <svg
                  height="20"
                  width="20"
                >
                  plus.svg
                </svg>
                <svg
                  height="20"
                  width="20"
                >
                  delete.svg
                </svg>
              </div>
            </td>
          </tr>
          <tr
            class="table-body-row"
          >
            <td
              class="order"
            >
              2
            </td>
            <td
              class="body-table-cell"
            >
              <div>
                CM2
              </div>
            </td>
            <td
              class="body-table-cell"
            >
              <div>
                Ali
              </div>
            </td>
            <td
              class="body-table-cell"
            >
              <div>
                19
              </div>
            </td>
            <td
              class="body-table-cell"
            >
              <div>
                ali@email.com
              </div>
            </td>
            <td
              class="body-table-cell"
            >
              <div>
                <div
                  class="status paid unpaid"
                >
                  <svg
                    fill="green"
                    height="20"
                    width="20"
                  >
                    check.svg
                  </svg>
                  <span>
                    Paid
                  </span>
                </div>
              </div>
            </td>
            <td
              class="body-table-cell"
            >
              <div>
                <svg
                  height="20"
                  width="20"
                >
                  plus.svg
                </svg>
                <svg
                  height="20"
                  width="20"
                >
                  delete.svg
                </svg>
              </div>
            </td>
          </tr>
          <tr
            class="table-body-row"
          >
            <td
              class="order"
            >
              3
            </td>
            <td
              class="body-table-cell"
            >
              <div>
                CM3
              </div>
            </td>
            <td
              class="body-table-cell"
            >
              <div>
                Saad
              </div>
            </td>
            <td
              class="body-table-cell"
            >
              <div>
                16
              </div>
            </td>
            <td
              class="body-table-cell"
            >
              <div>
                saad@email.com
              </div>
            </td>
            <td
              class="body-table-cell"
            >
              <div>
                <div
                  class="status unpaid canceled"
                >
                  <svg
                    fill="red"
                    height="20"
                    width="20"
                  >
                    cancel.svg
                  </svg>
                  <span>
                    Canceled
                  </span>
                </div>
              </div>
            </td>
            <td
              class="body-table-cell"
            >
              <div>
                <svg
                  height="20"
                  width="20"
                >
                  plus.svg
                </svg>
                <svg
                  height="20"
                  width="20"
                >
                  delete.svg
                </svg>
              </div>
            </td>
          </tr>
          <tr
            class="table-body-row"
          >
            <td
              class="order"
            >
              4
            </td>
            <td
              class="body-table-cell"
            >
              <div>
                CM4
              </div>
            </td>
            <td
              class="body-table-cell"
            >
              <div>
                Asad
              </div>
            </td>
            <td
              class="body-table-cell"
            >
              <div>
                25
              </div>
            </td>
            <td
              class="body-table-cell"
            >
              <div>
                asad@email.com
              </div>
            </td>
            <td
              class="body-table-cell"
            >
              <div>
                <div
                  class="status success unpaid"
                >
                  <svg
                    fill="green"
                    height="20"
                    width="20"
                  >
                    check.svg
                  </svg>
                  <span>
                    Success
                  </span>
                </div>
              </div>
            </td>
            <td
              class="body-table-cell"
            >
              <div>
                <svg
                  height="20"
                  width="20"
                >
                  plus.svg
                </svg>
                <svg
                  height="20"
                  width="20"
                >
                  delete.svg
                </svg>
              </div>
            </td>
          </tr>
          <tr
            class="table-body-row"
          >
            <td
              class="order"
            >
              5
            </td>
            <td
              class="body-table-cell"
            >
              <div>
                CM5
              </div>
            </td>
            <td
              class="body-table-cell"
            >
              <div>
                Asad
              </div>
            </td>
            <td
              class="body-table-cell"
            >
              <div>
                25
              </div>
            </td>
            <td
              class="body-table-cell"
            >
              <div>
                asad@email.com
              </div>
            </td>
            <td
              class="body-table-cell"
            >
              <div>
                <div
                  class="status success unpaid"
                >
                  <svg
                    fill="green"
                    height="20"
                    width="20"
                  >
                    check.svg
                  </svg>
                  <span>
                    Success
                  </span>
                </div>
              </div>
            </td>
            <td
              class="body-table-cell"
            >
              <div>
                <svg
                  height="20"
                  width="20"
                >
                  plus.svg
                </svg>
                <svg
                  height="20"
                  width="20"
                >
                  delete.svg
                </svg>
              </div>
            </td>
          </tr>
          <tr
            class="table-body-row"
          >
            <td
              class="order"
            >
              6
            </td>
            <td
              class="body-table-cell"
            >
              <div>
                CM6
              </div>
            </td>
            <td
              class="body-table-cell"
            >
              <div>
                Asad
              </div>
            </td>
            <td
              class="body-table-cell"
            >
              <div>
                25
              </div>
            </td>
            <td
              class="body-table-cell"
            >
              <div>
                asad@email.com
              </div>
            </td>
            <td
              class="body-table-cell"
            >
              <div>
                <div
                  class="status success unpaid"
                >
                  <svg
                    fill="green"
                    height="20"
                    width="20"
                  >
                    check.svg
                  </svg>
                  <span>
                    Success
                  </span>
                </div>
              </div>
            </td>
            <td
              class="body-table-cell"
            >
              <div>
                <svg
                  height="20"
                  width="20"
                >
                  plus.svg
                </svg>
                <svg
                  height="20"
                  width="20"
                >
                  delete.svg
                </svg>
              </div>
            </td>
          </tr>
          <tr
            class="table-body-row"
          >
            <td
              class="order"
            >
              7
            </td>
            <td
              class="body-table-cell"
            >
              <div>
                CM7
              </div>
            </td>
            <td
              class="body-table-cell"
            >
              <div>
                Asad
              </div>
            </td>
            <td
              class="body-table-cell"
            >
              <div>
                25
              </div>
            </td>
            <td
              class="body-table-cell"
            >
              <div>
                asad@email.com
              </div>
            </td>
            <td
              class="body-table-cell"
            >
              <div>
                <div
                  class="status success unpaid"
                >
                  <svg
                    fill="green"
                    height="20"
                    width="20"
                  >
                    check.svg
                  </svg>
                  <span>
                    Success
                  </span>
                </div>
              </div>
            </td>
            <td
              class="body-table-cell"
            >
              <div>
                <svg
                  height="20"
                  width="20"
                >
                  plus.svg
                </svg>
                <svg
                  height="20"
                  width="20"
                >
                  delete.svg
                </svg>
              </div>
            </td>
          </tr>
        </tbody>
      </table>
    </div>
  </body>,
  "container": <div>
    <table
      class="table"
    >
      <tbody>
        <tr
          class="table-header"
        >
          <th>
            Â 
          </th>
          <th
            class="table-header-cell"
          >
            <div>
              Id
            </div>
          </th>
          <th
            class="table-header-cell"
          >
            <div>
              Name
            </div>
          </th>
          <th
            class="table-header-cell"
          >
            <div>
              Age
            </div>
          </th>
          <th
            class="table-header-cell"
          >
            <div>
              Email 
              <svg>
                plus.svg
              </svg>
            </div>
          </th>
          <th
            class="table-header-cell"
          >
            <div>
              Status
            </div>
          </th>
          <th
            class="table-header-cell"
          >
            <div>
              Actions
            </div>
          </th>
        </tr>
        <tr
          class="table-body-row"
        >
          <td
            class="order"
          >
            1
          </td>
          <td
            class="body-table-cell"
          >
            <div>
              CM1
            </div>
          </td>
          <td
            class="body-table-cell"
          >
            <div>
              Wasif
            </div>
          </td>
          <td
            class="body-table-cell"
          >
            <div>
              21
            </div>
          </td>
          <td
            class="body-table-cell"
          >
            <div>
              wasif@email.com
            </div>
          </td>
          <td
            class="body-table-cell"
          >
            <div />
          </td>
          <td
            class="body-table-cell"
          >
            <div>
              <svg
                height="20"
                width="20"
              >
                plus.svg
              </svg>
              <svg
                height="20"
                width="20"
              >
                delete.svg
              </svg>
            </div>
          </td>
        </tr>
        <tr
          class="table-body-row"
        >
          <td
            class="order"
          >
            2
          </td>
          <td
            class="body-table-cell"
          >
            <div>
              CM2
            </div>
          </td>
          <td
            class="body-table-cell"
          >
            <div>
              Ali
            </div>
          </td>
          <td
            class="body-table-cell"
          >
            <div>
              19
            </div>
          </td>
          <td
            class="body-table-cell"
          >
            <div>
              ali@email.com
            </div>
          </td>
          <td
            class="body-table-cell"
          >
            <div>
              <div
                class="status paid unpaid"
              >
                <svg
                  fill="green"
                  height="20"
                  width="20"
                >
                  check.svg
                </svg>
                <span>
                  Paid
                </span>
              </div>
            </div>
          </td>
          <td
            class="body-table-cell"
          >
            <div>
              <svg
                height="20"
                width="20"
              >
                plus.svg
              </svg>
              <svg
                height="20"
                width="20"
              >
                delete.svg
              </svg>
            </div>
          </td>
        </tr>
        <tr
          class="table-body-row"
        >
          <td
            class="order"
          >
            3
          </td>
          <td
            class="body-table-cell"
          >
            <div>
              CM3
            </div>
          </td>
          <td
            class="body-table-cell"
          >
            <div>
              Saad
            </div>
          </td>
          <td
            class="body-table-cell"
          >
            <div>
              16
            </div>
          </td>
          <td
            class="body-table-cell"
          >
            <div>
              saad@email.com
            </div>
          </td>
          <td
            class="body-table-cell"
          >
            <div>
              <div
                class="status unpaid canceled"
              >
                <svg
                  fill="red"
                  height="20"
                  width="20"
                >
                  cancel.svg
                </svg>
                <span>
                  Canceled
                </span>
              </div>
            </div>
          </td>
          <td
            class="body-table-cell"
          >
            <div>
              <svg
                height="20"
                width="20"
              >
                plus.svg
              </svg>
              <svg
                height="20"
                width="20"
              >
                delete.svg
              </svg>
            </div>
          </td>
        </tr>
        <tr
          class="table-body-row"
        >
          <td
            class="order"
          >
            4
          </td>
          <td
            class="body-table-cell"
          >
            <div>
              CM4
            </div>
          </td>
          <td
            class="body-table-cell"
          >
            <div>
              Asad
            </div>
          </td>
          <td
            class="body-table-cell"
          >
            <div>
              25
            </div>
          </td>
          <td
            class="body-table-cell"
          >
            <div>
              asad@email.com
            </div>
          </td>
          <td
            class="body-table-cell"
          >
            <div>
              <div
                class="status success unpaid"
              >
                <svg
                  fill="green"
                  height="20"
                  width="20"
                >
                  check.svg
                </svg>
                <span>
                  Success
                </span>
              </div>
            </div>
          </td>
          <td
            class="body-table-cell"
          >
            <div>
              <svg
                height="20"
                width="20"
              >
                plus.svg
              </svg>
              <svg
                height="20"
                width="20"
              >
                delete.svg
              </svg>
            </div>
          </td>
        </tr>
        <tr
          class="table-body-row"
        >
          <td
            class="order"
          >
            5
          </td>
          <td
            class="body-table-cell"
          >
            <div>
              CM5
            </div>
          </td>
          <td
            class="body-table-cell"
          >
            <div>
              Asad
            </div>
          </td>
          <td
            class="body-table-cell"
          >
            <div>
              25
            </div>
          </td>
          <td
            class="body-table-cell"
          >
            <div>
              asad@email.com
            </div>
          </td>
          <td
            class="body-table-cell"
          >
            <div>
              <div
                class="status success unpaid"
              >
                <svg
                  fill="green"
                  height="20"
                  width="20"
                >
                  check.svg
                </svg>
                <span>
                  Success
                </span>
              </div>
            </div>
          </td>
          <td
            class="body-table-cell"
          >
            <div>
              <svg
                height="20"
                width="20"
              >
                plus.svg
              </svg>
              <svg
                height="20"
                width="20"
              >
                delete.svg
              </svg>
            </div>
          </td>
        </tr>
        <tr
          class="table-body-row"
        >
          <td
            class="order"
          >
            6
          </td>
          <td
            class="body-table-cell"
          >
            <div>
              CM6
            </div>
          </td>
          <td
            class="body-table-cell"
          >
            <div>
              Asad
            </div>
          </td>
          <td
            class="body-table-cell"
          >
            <div>
              25
            </div>
          </td>
          <td
            class="body-table-cell"
          >
            <div>
              asad@email.com
            </div>
          </td>
          <td
            class="body-table-cell"
          >
            <div>
              <div
                class="status success unpaid"
              >
                <svg
                  fill="green"
                  height="20"
                  width="20"
                >
                  check.svg
                </svg>
                <span>
                  Success
                </span>
              </div>
            </div>
          </td>
          <td
            class="body-table-cell"
          >
            <div>
              <svg
                height="20"
                width="20"
              >
                plus.svg
              </svg>
              <svg
                height="20"
                width="20"
              >
                delete.svg
              </svg>
            </div>
          </td>
        </tr>
        <tr
          class="table-body-row"
        >
          <td
            class="order"
          >
            7
          </td>
          <td
            class="body-table-cell"
          >
            <div>
              CM7
            </div>
          </td>
          <td
            class="body-table-cell"
          >
            <div>
              Asad
            </div>
          </td>
          <td
            class="body-table-cell"
          >
            <div>
              25
            </div>
          </td>
          <td
            class="body-table-cell"
          >
            <div>
              asad@email.com
            </div>
          </td>
          <td
            class="body-table-cell"
          >
            <div>
              <div
                class="status success unpaid"
              >
                <svg
                  fill="green"
                  height="20"
                  width="20"
                >
                  check.svg
                </svg>
                <span>
                  Success
                </span>
              </div>
            </div>
          </td>
          <td
            class="body-table-cell"
          >
            <div>
              <svg
                height="20"
                width="20"
              >
                plus.svg
              </svg>
              <svg
                height="20"
                width="20"
              >
                delete.svg
              </svg>
            </div>
          </td>
        </tr>
      </tbody>
    </table>
  </div>,
  "debug": [Function],
  "findAllByAltText": [Function],
  "findAllByDisplayValue": [Function],
  "findAllByLabelText": [Function],
  "findAllByPlaceholderText": [Function],
  "findAllByRole": [Function],
  "findAllByTestId": [Function],
  "findAllByText": [Function],
  "findAllByTitle": [Function],
  "findByAltText": [Function],
  "findByDisplayValue": [Function],
  "findByLabelText": [Function],
  "findByPlaceholderText": [Function],
  "findByRole": [Function],
  "findByTestId": [Function],
  "findByText": [Function],
  "findByTitle": [Function],
  "getAllByAltText": [Function],
  "getAllByDisplayValue": [Function],
  "getAllByLabelText": [Function],
  "getAllByPlaceholderText": [Function],
  "getAllByRole": [Function],
  "getAllByTestId": [Function],
  "getAllByText": [Function],
  "getAllByTitle": [Function],
  "getByAltText": [Function],
  "getByDisplayValue": [Function],
  "getByLabelText": [Function],
  "getByPlaceholderText": [Function],
  "getByRole": [Function],
  "getByTestId": [Function],
  "getByText": [Function],
  "getByTitle": [Function],
  "queryAllByAltText": [Function],
  "queryAllByDisplayValue": [Function],
  "queryAllByLabelText": [Function],
  "queryAllByPlaceholderText": [Function],
  "queryAllByRole": [Function],
  "queryAllByTestId": [Function],
  "queryAllByText": [Function],
  "queryAllByTitle": [Function],
  "queryByAltText": [Function],
  "queryByDisplayValue": [Function],
  "queryByLabelText": [Function],
  "queryByPlaceholderText": [Function],
  "queryByRole": [Function],
  "queryByTestId": [Function],
  "queryByText": [Function],
  "queryByTitle": [Function],
  "rerender": [Function],
  "unmount": [Function],
}
`;
